// Jest Snapshot v1, https://goo.gl/fbAQLP

exports[`Comparison Container should match the snapshot 1`] = `
ShallowWrapper {
  "length": 1,
  Symbol(enzyme.__root__): [Circular],
  Symbol(enzyme.__unrendered__): <ComparisonContainer
    cards={
        Array [
            Object {
              "data": Object {
                "2006": 0.098,
              },
              "location": "Denver",
            },
            Object {
              "data": Object {
                "2006": 0.848,
              },
              "location": "Golden",
            },
          ]
    }
    clearedComparison={[Function]}
    generateComparisons={[Function]}
    handleComparison={[Function]}
/>,
  Symbol(enzyme.__renderer__): Object {
    "batchedUpdates": [Function],
    "getNode": [Function],
    "render": [Function],
    "simulateEvent": [Function],
    "unmount": [Function],
  },
  Symbol(enzyme.__node__): Object {
    "instance": null,
    "key": undefined,
    "nodeType": "host",
    "props": Object {
      "children": Array [
        <Card
          handleComparison={[Function]}
          info={
                    Object {
                              "data": Object {
                                "2006": 0.098,
                              },
                              "location": "Denver",
                            }
          }
/>,
        <ComparisonCard
          clearedComparison={[Function]}
          comparisonCard={undefined}
/>,
        <Card
          handleComparison={[Function]}
          info={
                    Object {
                              "data": Object {
                                "2006": 0.848,
                              },
                              "location": "Golden",
                            }
          }
/>,
      ],
      "className": "comparison-container",
    },
    "ref": null,
    "rendered": Array [
      Object {
        "instance": null,
        "key": undefined,
        "nodeType": "function",
        "props": Object {
          "handleComparison": [Function],
          "info": Object {
            "data": Object {
              "2006": 0.098,
            },
            "location": "Denver",
          },
        },
        "ref": null,
        "rendered": null,
        "type": [Function],
      },
      Object {
        "instance": null,
        "key": undefined,
        "nodeType": "function",
        "props": Object {
          "clearedComparison": [Function],
          "comparisonCard": undefined,
        },
        "ref": null,
        "rendered": null,
        "type": [Function],
      },
      Object {
        "instance": null,
        "key": undefined,
        "nodeType": "function",
        "props": Object {
          "handleComparison": [Function],
          "info": Object {
            "data": Object {
              "2006": 0.848,
            },
            "location": "Golden",
          },
        },
        "ref": null,
        "rendered": null,
        "type": [Function],
      },
    ],
    "type": "section",
  },
  Symbol(enzyme.__nodes__): Array [
    Object {
      "instance": null,
      "key": undefined,
      "nodeType": "host",
      "props": Object {
        "children": Array [
          <Card
            handleComparison={[Function]}
            info={
                        Object {
                                    "data": Object {
                                      "2006": 0.098,
                                    },
                                    "location": "Denver",
                                  }
            }
/>,
          <ComparisonCard
            clearedComparison={[Function]}
            comparisonCard={undefined}
/>,
          <Card
            handleComparison={[Function]}
            info={
                        Object {
                                    "data": Object {
                                      "2006": 0.848,
                                    },
                                    "location": "Golden",
                                  }
            }
/>,
        ],
        "className": "comparison-container",
      },
      "ref": null,
      "rendered": Array [
        Object {
          "instance": null,
          "key": undefined,
          "nodeType": "function",
          "props": Object {
            "handleComparison": [Function],
            "info": Object {
              "data": Object {
                "2006": 0.098,
              },
              "location": "Denver",
            },
          },
          "ref": null,
          "rendered": null,
          "type": [Function],
        },
        Object {
          "instance": null,
          "key": undefined,
          "nodeType": "function",
          "props": Object {
            "clearedComparison": [Function],
            "comparisonCard": undefined,
          },
          "ref": null,
          "rendered": null,
          "type": [Function],
        },
        Object {
          "instance": null,
          "key": undefined,
          "nodeType": "function",
          "props": Object {
            "handleComparison": [Function],
            "info": Object {
              "data": Object {
                "2006": 0.848,
              },
              "location": "Golden",
            },
          },
          "ref": null,
          "rendered": null,
          "type": [Function],
        },
      ],
      "type": "section",
    },
  ],
  Symbol(enzyme.__options__): Object {
    "adapter": ReactSixteenAdapter {
      "options": Object {
        "enableComponentDidUpdateOnSetState": true,
      },
    },
  },
}
`;
